\BOOKMARK [0][-]{chapter*.1}{\376\377\000E\000x\000e\000c\000u\000t\000i\000v\000e\000\040\000S\000u\000m\000m\000a\000r\000y}{}% 1
\BOOKMARK [0][-]{chapter*.2}{\376\377\000A\000b\000s\000t\000r\000a\000c\000t}{}% 2
\BOOKMARK [0][-]{chapter.1}{\376\377\000I\000n\000t\000r\000o\000d\000u\000c\000t\000i\000o\000n}{}% 3
\BOOKMARK [1][-]{section.1.1}{\376\377\000T\000h\000e\000\040\000Q\000u\000a\000n\000t\000u\000m\000\040\000T\000h\000r\000e\000a\000t\000\040\000L\000a\000n\000d\000s\000c\000a\000p\000e}{chapter.1}% 4
\BOOKMARK [1][-]{section.1.2}{\376\377\000F\000e\000d\000e\000r\000a\000t\000e\000d\000\040\000L\000e\000a\000r\000n\000i\000n\000g\000\040\000S\000e\000c\000u\000r\000i\000t\000y\000\040\000R\000e\000q\000u\000i\000r\000e\000m\000e\000n\000t\000s}{chapter.1}% 5
\BOOKMARK [1][-]{section.1.3}{\376\377\000R\000e\000s\000e\000a\000r\000c\000h\000\040\000C\000o\000n\000t\000r\000i\000b\000u\000t\000i\000o\000n\000s}{chapter.1}% 6
\BOOKMARK [1][-]{section.1.4}{\376\377\000R\000e\000p\000o\000r\000t\000\040\000O\000r\000g\000a\000n\000i\000z\000a\000t\000i\000o\000n}{chapter.1}% 7
\BOOKMARK [0][-]{chapter.2}{\376\377\000B\000a\000c\000k\000g\000r\000o\000u\000n\000d\000\040\000a\000n\000d\000\040\000R\000e\000l\000a\000t\000e\000d\000\040\000W\000o\000r\000k}{}% 8
\BOOKMARK [1][-]{section.2.1}{\376\377\000P\000o\000s\000t\000-\000Q\000u\000a\000n\000t\000u\000m\000\040\000C\000r\000y\000p\000t\000o\000g\000r\000a\000p\000h\000y\000\040\000F\000u\000n\000d\000a\000m\000e\000n\000t\000a\000l\000s}{chapter.2}% 9
\BOOKMARK [2][-]{subsection.2.1.1}{\376\377\000L\000a\000t\000t\000i\000c\000e\000-\000B\000a\000s\000e\000d\000\040\000C\000r\000y\000p\000t\000o\000g\000r\000a\000p\000h\000y}{section.2.1}% 10
\BOOKMARK [2][-]{subsection.2.1.2}{\376\377\000C\000R\000Y\000S\000T\000A\000L\000S\000-\000K\000y\000b\000e\000r\000\040\000K\000e\000y\000\040\000E\000n\000c\000a\000p\000s\000u\000l\000a\000t\000i\000o\000n}{section.2.1}% 11
\BOOKMARK [1][-]{section.2.2}{\376\377\000F\000e\000d\000e\000r\000a\000t\000e\000d\000\040\000L\000e\000a\000r\000n\000i\000n\000g\000\040\000S\000e\000c\000u\000r\000i\000t\000y\000\040\000M\000o\000d\000e\000l\000s}{chapter.2}% 12
\BOOKMARK [2][-]{subsection.2.2.1}{\376\377\000H\000o\000n\000e\000s\000t\000-\000b\000u\000t\000-\000C\000u\000r\000i\000o\000u\000s\000\040\000M\000o\000d\000e\000l}{section.2.2}% 13
\BOOKMARK [2][-]{subsection.2.2.2}{\376\377\000B\000y\000z\000a\000n\000t\000i\000n\000e\000\040\000T\000h\000r\000e\000a\000t\000\040\000M\000o\000d\000e\000l}{section.2.2}% 14
\BOOKMARK [1][-]{section.2.3}{\376\377\000H\000a\000r\000d\000w\000a\000r\000e\000\040\000S\000e\000c\000u\000r\000i\000t\000y\000\040\000P\000r\000i\000m\000i\000t\000i\000v\000e\000s}{chapter.2}% 15
\BOOKMARK [2][-]{subsection.2.3.1}{\376\377\000I\000n\000t\000e\000l\000\040\000S\000o\000f\000t\000w\000a\000r\000e\000\040\000G\000u\000a\000r\000d\000\040\000E\000x\000t\000e\000n\000s\000i\000o\000n\000s}{section.2.3}% 16
\BOOKMARK [2][-]{subsection.2.3.2}{\376\377\000H\000a\000r\000d\000w\000a\000r\000e\000\040\000S\000e\000c\000u\000r\000i\000t\000y\000\040\000M\000o\000d\000u\000l\000e\000s}{section.2.3}% 17
\BOOKMARK [0][-]{chapter.3}{\376\377\000Q\000F\000L\000A\000R\000E\000\040\000A\000r\000c\000h\000i\000t\000e\000c\000t\000u\000r\000e}{}% 18
\BOOKMARK [1][-]{section.3.1}{\376\377\000S\000y\000s\000t\000e\000m\000\040\000O\000v\000e\000r\000v\000i\000e\000w}{chapter.3}% 19
\BOOKMARK [1][-]{section.3.2}{\376\377\000C\000r\000y\000p\000t\000o\000g\000r\000a\000p\000h\000i\000c\000\040\000P\000r\000o\000t\000o\000c\000o\000l\000\040\000D\000e\000s\000i\000g\000n}{chapter.3}% 20
\BOOKMARK [2][-]{subsection.3.2.1}{\376\377\000P\000o\000s\000t\000-\000Q\000u\000a\000n\000t\000u\000m\000\040\000K\000e\000y\000\040\000A\000g\000r\000e\000e\000m\000e\000n\000t}{section.3.2}% 21
\BOOKMARK [2][-]{subsection.3.2.2}{\376\377\000D\000i\000g\000i\000t\000a\000l\000\040\000S\000i\000g\000n\000a\000t\000u\000r\000e\000\040\000I\000n\000t\000e\000g\000r\000a\000t\000i\000o\000n}{section.3.2}% 22
\BOOKMARK [1][-]{section.3.3}{\376\377\000K\000e\000y\000\040\000M\000a\000n\000a\000g\000e\000m\000e\000n\000t\000\040\000A\000r\000c\000h\000i\000t\000e\000c\000t\000u\000r\000e}{chapter.3}% 23
\BOOKMARK [2][-]{subsection.3.3.1}{\376\377\000K\000e\000y\000\040\000G\000e\000n\000e\000r\000a\000t\000i\000o\000n}{section.3.3}% 24
\BOOKMARK [2][-]{subsection.3.3.2}{\376\377\000M\000u\000l\000t\000i\000-\000L\000a\000y\000e\000r\000\040\000K\000e\000y\000\040\000S\000t\000o\000r\000a\000g\000e}{section.3.3}% 25
\BOOKMARK [2][-]{subsection.3.3.3}{\376\377\000A\000u\000t\000o\000m\000a\000t\000e\000d\000\040\000K\000e\000y\000\040\000R\000o\000t\000a\000t\000i\000o\000n}{section.3.3}% 26
\BOOKMARK [1][-]{section.3.4}{\376\377\000F\000e\000d\000e\000r\000a\000t\000e\000d\000\040\000L\000e\000a\000r\000n\000i\000n\000g\000\040\000P\000r\000o\000t\000o\000c\000o\000l}{chapter.3}% 27
\BOOKMARK [2][-]{subsection.3.4.1}{\376\377\000S\000e\000c\000u\000r\000e\000\040\000A\000g\000g\000r\000e\000g\000a\000t\000i\000o\000n}{section.3.4}% 28
\BOOKMARK [1][-]{section.3.5}{\376\377\000T\000h\000r\000e\000a\000t\000\040\000D\000e\000t\000e\000c\000t\000i\000o\000n\000\040\000a\000n\000d\000\040\000R\000e\000s\000p\000o\000n\000s\000e}{chapter.3}% 29
\BOOKMARK [2][-]{subsection.3.5.1}{\376\377\000A\000n\000o\000m\000a\000l\000y\000\040\000D\000e\000t\000e\000c\000t\000i\000o\000n}{section.3.5}% 30
\BOOKMARK [2][-]{subsection.3.5.2}{\376\377\000A\000u\000t\000o\000m\000a\000t\000e\000d\000\040\000R\000e\000s\000p\000o\000n\000s\000e}{section.3.5}% 31
\BOOKMARK [0][-]{chapter.4}{\376\377\000I\000m\000p\000l\000e\000m\000e\000n\000t\000a\000t\000i\000o\000n\000\040\000D\000e\000t\000a\000i\000l\000s}{}% 32
\BOOKMARK [1][-]{section.4.1}{\376\377\000S\000o\000f\000t\000w\000a\000r\000e\000\040\000A\000r\000c\000h\000i\000t\000e\000c\000t\000u\000r\000e}{chapter.4}% 33
\BOOKMARK [2][-]{subsection.4.1.1}{\376\377\000C\000o\000r\000e\000\040\000C\000o\000m\000p\000o\000n\000e\000n\000t\000s}{section.4.1}% 34
\BOOKMARK [2][-]{subsection.4.1.2}{\376\377\000T\000e\000c\000h\000n\000o\000l\000o\000g\000y\000\040\000S\000t\000a\000c\000k}{section.4.1}% 35
\BOOKMARK [1][-]{section.4.2}{\376\377\000P\000e\000r\000f\000o\000r\000m\000a\000n\000c\000e\000\040\000A\000n\000a\000l\000y\000s\000i\000s}{chapter.4}% 36
\BOOKMARK [2][-]{subsection.4.2.1}{\376\377\000C\000r\000y\000p\000t\000o\000g\000r\000a\000p\000h\000i\000c\000\040\000P\000e\000r\000f\000o\000r\000m\000a\000n\000c\000e}{section.4.2}% 37
\BOOKMARK [2][-]{subsection.4.2.2}{\376\377\000F\000e\000d\000e\000r\000a\000t\000e\000d\000\040\000L\000e\000a\000r\000n\000i\000n\000g\000\040\000P\000e\000r\000f\000o\000r\000m\000a\000n\000c\000e}{section.4.2}% 38
\BOOKMARK [1][-]{section.4.3}{\376\377\000S\000e\000c\000u\000r\000i\000t\000y\000\040\000I\000m\000p\000l\000e\000m\000e\000n\000t\000a\000t\000i\000o\000n}{chapter.4}% 39
\BOOKMARK [2][-]{subsection.4.3.1}{\376\377\000H\000a\000r\000d\000w\000a\000r\000e\000\040\000S\000e\000c\000u\000r\000i\000t\000y\000\040\000M\000o\000d\000u\000l\000e\000\040\000I\000n\000t\000e\000g\000r\000a\000t\000i\000o\000n}{section.4.3}% 40
\BOOKMARK [2][-]{subsection.4.3.2}{\376\377\000I\000n\000t\000e\000l\000\040\000S\000G\000X\000\040\000E\000n\000c\000l\000a\000v\000e\000\040\000I\000m\000p\000l\000e\000m\000e\000n\000t\000a\000t\000i\000o\000n}{section.4.3}% 41
\BOOKMARK [0][-]{chapter.5}{\376\377\000S\000e\000c\000u\000r\000i\000t\000y\000\040\000A\000n\000a\000l\000y\000s\000i\000s}{}% 42
\BOOKMARK [1][-]{section.5.1}{\376\377\000F\000o\000r\000m\000a\000l\000\040\000S\000e\000c\000u\000r\000i\000t\000y\000\040\000A\000n\000a\000l\000y\000s\000i\000s}{chapter.5}% 43
\BOOKMARK [2][-]{subsection.5.1.1}{\376\377\000S\000e\000c\000u\000r\000i\000t\000y\000\040\000M\000o\000d\000e\000l}{section.5.1}% 44
\BOOKMARK [1][-]{section.5.2}{\376\377\000T\000h\000r\000e\000a\000t\000\040\000A\000n\000a\000l\000y\000s\000i\000s}{chapter.5}% 45
\BOOKMARK [2][-]{subsection.5.2.1}{\376\377\000Q\000u\000a\000n\000t\000u\000m\000\040\000C\000r\000y\000p\000t\000a\000n\000a\000l\000y\000t\000i\000c\000\040\000A\000t\000t\000a\000c\000k\000s}{section.5.2}% 46
\BOOKMARK [2][-]{subsection.5.2.2}{\376\377\000C\000l\000a\000s\000s\000i\000c\000a\000l\000\040\000A\000t\000t\000a\000c\000k\000\040\000V\000e\000c\000t\000o\000r\000s}{section.5.2}% 47
\BOOKMARK [1][-]{section.5.3}{\376\377\000V\000u\000l\000n\000e\000r\000a\000b\000i\000l\000i\000t\000y\000\040\000A\000s\000s\000e\000s\000s\000m\000e\000n\000t}{chapter.5}% 48
\BOOKMARK [2][-]{subsection.5.3.1}{\376\377\000C\000o\000d\000e\000\040\000S\000e\000c\000u\000r\000i\000t\000y\000\040\000A\000n\000a\000l\000y\000s\000i\000s}{section.5.3}% 49
\BOOKMARK [2][-]{subsection.5.3.2}{\376\377\000C\000r\000y\000p\000t\000o\000g\000r\000a\000p\000h\000i\000c\000\040\000I\000m\000p\000l\000e\000m\000e\000n\000t\000a\000t\000i\000o\000n\000\040\000R\000e\000v\000i\000e\000w}{section.5.3}% 50
\BOOKMARK [0][-]{chapter.6}{\376\377\000C\000o\000m\000p\000a\000r\000a\000t\000i\000v\000e\000\040\000E\000v\000a\000l\000u\000a\000t\000i\000o\000n}{}% 51
\BOOKMARK [1][-]{section.6.1}{\376\377\000S\000e\000c\000u\000r\000i\000t\000y\000\040\000C\000o\000m\000p\000a\000r\000i\000s\000o\000n}{chapter.6}% 52
\BOOKMARK [2][-]{subsection.6.1.1}{\376\377\000S\000e\000c\000u\000r\000i\000t\000y\000\040\000S\000c\000o\000r\000e\000\040\000M\000e\000t\000h\000o\000d\000o\000l\000o\000g\000y}{section.6.1}% 53
\BOOKMARK [1][-]{section.6.2}{\376\377\000P\000e\000r\000f\000o\000r\000m\000a\000n\000c\000e\000\040\000E\000v\000a\000l\000u\000a\000t\000i\000o\000n}{chapter.6}% 54
\BOOKMARK [2][-]{subsection.6.2.1}{\376\377\000T\000r\000a\000i\000n\000i\000n\000g\000\040\000C\000o\000n\000v\000e\000r\000g\000e\000n\000c\000e\000\040\000A\000n\000a\000l\000y\000s\000i\000s}{section.6.2}% 55
\BOOKMARK [2][-]{subsection.6.2.2}{\376\377\000C\000o\000m\000m\000u\000n\000i\000c\000a\000t\000i\000o\000n\000\040\000E\000f\000f\000i\000c\000i\000e\000n\000c\000y}{section.6.2}% 56
\BOOKMARK [1][-]{section.6.3}{\376\377\000S\000c\000a\000l\000a\000b\000i\000l\000i\000t\000y\000\040\000A\000n\000a\000l\000y\000s\000i\000s}{chapter.6}% 57
\BOOKMARK [2][-]{subsection.6.3.1}{\376\377\000P\000a\000r\000t\000i\000c\000i\000p\000a\000n\000t\000\040\000S\000c\000a\000l\000i\000n\000g}{section.6.3}% 58
\BOOKMARK [0][-]{chapter.7}{\376\377\000D\000e\000p\000l\000o\000y\000m\000e\000n\000t\000\040\000a\000n\000d\000\040\000O\000p\000e\000r\000a\000t\000i\000o\000n\000s}{}% 59
\BOOKMARK [1][-]{section.7.1}{\376\377\000D\000e\000p\000l\000o\000y\000m\000e\000n\000t\000\040\000A\000r\000c\000h\000i\000t\000e\000c\000t\000u\000r\000e}{chapter.7}% 60
\BOOKMARK [2][-]{subsection.7.1.1}{\376\377\000C\000l\000o\000u\000d\000\040\000D\000e\000p\000l\000o\000y\000m\000e\000n\000t}{section.7.1}% 61
\BOOKMARK [2][-]{subsection.7.1.2}{\376\377\000O\000n\000-\000P\000r\000e\000m\000i\000s\000e\000s\000\040\000D\000e\000p\000l\000o\000y\000m\000e\000n\000t}{section.7.1}% 62
\BOOKMARK [2][-]{subsection.7.1.3}{\376\377\000H\000y\000b\000r\000i\000d\000\040\000D\000e\000p\000l\000o\000y\000m\000e\000n\000t}{section.7.1}% 63
\BOOKMARK [1][-]{section.7.2}{\376\377\000O\000p\000e\000r\000a\000t\000i\000o\000n\000a\000l\000\040\000P\000r\000o\000c\000e\000d\000u\000r\000e\000s}{chapter.7}% 64
\BOOKMARK [2][-]{subsection.7.2.1}{\376\377\000K\000e\000y\000\040\000M\000a\000n\000a\000g\000e\000m\000e\000n\000t\000\040\000O\000p\000e\000r\000a\000t\000i\000o\000n\000s}{section.7.2}% 65
\BOOKMARK [2][-]{subsection.7.2.2}{\376\377\000S\000e\000c\000u\000r\000i\000t\000y\000\040\000M\000o\000n\000i\000t\000o\000r\000i\000n\000g}{section.7.2}% 66
\BOOKMARK [1][-]{section.7.3}{\376\377\000M\000a\000i\000n\000t\000e\000n\000a\000n\000c\000e\000\040\000a\000n\000d\000\040\000U\000p\000d\000a\000t\000e\000s}{chapter.7}% 67
\BOOKMARK [2][-]{subsection.7.3.1}{\376\377\000S\000o\000f\000t\000w\000a\000r\000e\000\040\000U\000p\000d\000a\000t\000e\000s}{section.7.3}% 68
\BOOKMARK [2][-]{subsection.7.3.2}{\376\377\000H\000a\000r\000d\000w\000a\000r\000e\000\040\000M\000a\000i\000n\000t\000e\000n\000a\000n\000c\000e}{section.7.3}% 69
\BOOKMARK [0][-]{chapter.8}{\376\377\000F\000u\000t\000u\000r\000e\000\040\000D\000i\000r\000e\000c\000t\000i\000o\000n\000s}{}% 70
\BOOKMARK [1][-]{section.8.1}{\376\377\000A\000d\000v\000a\000n\000c\000e\000d\000\040\000C\000r\000y\000p\000t\000o\000g\000r\000a\000p\000h\000i\000c\000\040\000P\000r\000o\000t\000o\000c\000o\000l\000s}{chapter.8}% 71
\BOOKMARK [2][-]{subsection.8.1.1}{\376\377\000T\000h\000r\000e\000s\000h\000o\000l\000d\000\040\000C\000r\000y\000p\000t\000o\000g\000r\000a\000p\000h\000y}{section.8.1}% 72
\BOOKMARK [2][-]{subsection.8.1.2}{\376\377\000H\000o\000m\000o\000m\000o\000r\000p\000h\000i\000c\000\040\000E\000n\000c\000r\000y\000p\000t\000i\000o\000n}{section.8.1}% 73
\BOOKMARK [1][-]{section.8.2}{\376\377\000E\000n\000h\000a\000n\000c\000e\000d\000\040\000P\000r\000i\000v\000a\000c\000y\000\040\000M\000e\000c\000h\000a\000n\000i\000s\000m\000s}{chapter.8}% 74
\BOOKMARK [2][-]{subsection.8.2.1}{\376\377\000L\000o\000c\000a\000l\000\040\000D\000i\000f\000f\000e\000r\000e\000n\000t\000i\000a\000l\000\040\000P\000r\000i\000v\000a\000c\000y}{section.8.2}% 75
\BOOKMARK [2][-]{subsection.8.2.2}{\376\377\000S\000e\000c\000u\000r\000e\000\040\000M\000u\000l\000t\000i\000-\000p\000a\000r\000t\000y\000\040\000C\000o\000m\000p\000u\000t\000a\000t\000i\000o\000n}{section.8.2}% 76
\BOOKMARK [1][-]{section.8.3}{\376\377\000Q\000u\000a\000n\000t\000u\000m\000\040\000C\000o\000m\000p\000u\000t\000i\000n\000g\000\040\000I\000n\000t\000e\000g\000r\000a\000t\000i\000o\000n}{chapter.8}% 77
\BOOKMARK [0][-]{chapter.9}{\376\377\000C\000o\000n\000c\000l\000u\000s\000i\000o\000n}{}% 78
\BOOKMARK [1][-]{section.9.1}{\376\377\000K\000e\000y\000\040\000C\000o\000n\000t\000r\000i\000b\000u\000t\000i\000o\000n\000s}{chapter.9}% 79
\BOOKMARK [1][-]{section.9.2}{\376\377\000I\000m\000p\000a\000c\000t\000\040\000a\000n\000d\000\040\000S\000i\000g\000n\000i\000f\000i\000c\000a\000n\000c\000e}{chapter.9}% 80
\BOOKMARK [1][-]{section.9.3}{\376\377\000L\000i\000m\000i\000t\000a\000t\000i\000o\000n\000s\000\040\000a\000n\000d\000\040\000F\000u\000t\000u\000r\000e\000\040\000W\000o\000r\000k}{chapter.9}% 81
\BOOKMARK [1][-]{section.9.4}{\376\377\000C\000o\000n\000c\000l\000u\000d\000i\000n\000g\000\040\000R\000e\000m\000a\000r\000k\000s}{chapter.9}% 82
\BOOKMARK [0][-]{appendix*.29}{\376\377\000S\000e\000c\000u\000r\000i\000t\000y\000\040\000P\000r\000o\000o\000f\000s}{}% 83
\BOOKMARK [1][-]{section.Alph0.1}{\376\377\000P\000r\000o\000o\000f\000\040\000o\000f\000\040\000T\000h\000e\000o\000r\000e\000m\000\040\000?\000?}{appendix*.29}% 84
\BOOKMARK [0][-]{appendix*.30}{\376\377\000I\000m\000p\000l\000e\000m\000e\000n\000t\000a\000t\000i\000o\000n\000\040\000D\000e\000t\000a\000i\000l\000s}{}% 85
\BOOKMARK [0][-]{appendix*.31}{\376\377\000P\000e\000r\000f\000o\000r\000m\000a\000n\000c\000e\000\040\000B\000e\000n\000c\000h\000m\000a\000r\000k\000s}{}% 86
\BOOKMARK [1][-]{section.Alph0.2}{\376\377\000H\000a\000r\000d\000w\000a\000r\000e\000\040\000C\000o\000n\000f\000i\000g\000u\000r\000a\000t\000i\000o\000n\000\040\000A\000n\000a\000l\000y\000s\000i\000s}{appendix*.31}% 87
\BOOKMARK [1][-]{section.Alph0.3}{\376\377\000N\000e\000t\000w\000o\000r\000k\000\040\000P\000e\000r\000f\000o\000r\000m\000a\000n\000c\000e\000\040\000A\000n\000a\000l\000y\000s\000i\000s}{appendix*.31}% 88
\BOOKMARK [1][-]{section.Alph0.4}{\376\377\000C\000r\000y\000p\000t\000o\000g\000r\000a\000p\000h\000i\000c\000\040\000O\000p\000e\000r\000a\000t\000i\000o\000n\000\040\000B\000e\000n\000c\000h\000m\000a\000r\000k\000s}{appendix*.31}% 89
\BOOKMARK [1][-]{section.Alph0.5}{\376\377\000M\000e\000m\000o\000r\000y\000\040\000U\000s\000a\000g\000e\000\040\000A\000n\000a\000l\000y\000s\000i\000s}{appendix*.31}% 90
\BOOKMARK [0][-]{appendix*.36}{\376\377\000C\000o\000n\000c\000l\000u\000s\000i\000o\000n\000s\000\040\000a\000n\000d\000\040\000F\000u\000t\000u\000r\000e\000\040\000W\000o\000r\000k}{}% 91
\BOOKMARK [1][-]{section.Alph0.6}{\376\377\000S\000u\000m\000m\000a\000r\000y\000\040\000o\000f\000\040\000C\000o\000n\000t\000r\000i\000b\000u\000t\000i\000o\000n\000s}{appendix*.36}% 92
\BOOKMARK [2][-]{subsection.Alph0.6.1}{\376\377\000A\000r\000c\000h\000i\000t\000e\000c\000t\000u\000r\000a\000l\000\040\000I\000n\000n\000o\000v\000a\000t\000i\000o\000n\000s}{section.Alph0.6}% 93
\BOOKMARK [2][-]{subsection.Alph0.6.2}{\376\377\000P\000e\000r\000f\000o\000r\000m\000a\000n\000c\000e\000\040\000A\000c\000h\000i\000e\000v\000e\000m\000e\000n\000t\000s}{section.Alph0.6}% 94
\BOOKMARK [1][-]{section.Alph0.7}{\376\377\000B\000r\000o\000a\000d\000e\000r\000\040\000I\000m\000p\000l\000i\000c\000a\000t\000i\000o\000n\000s}{appendix*.36}% 95
\BOOKMARK [2][-]{subsection.Alph0.7.1}{\376\377\000I\000n\000d\000u\000s\000t\000r\000y\000\040\000T\000r\000a\000n\000s\000f\000o\000r\000m\000a\000t\000i\000o\000n}{section.Alph0.7}% 96
\BOOKMARK [2][-]{subsection.Alph0.7.2}{\376\377\000R\000e\000s\000e\000a\000r\000c\000h\000\040\000A\000d\000v\000a\000n\000c\000e\000m\000e\000n\000t}{section.Alph0.7}% 97
\BOOKMARK [1][-]{section.Alph0.8}{\376\377\000L\000i\000m\000i\000t\000a\000t\000i\000o\000n\000s\000\040\000a\000n\000d\000\040\000C\000h\000a\000l\000l\000e\000n\000g\000e\000s}{appendix*.36}% 98
\BOOKMARK [2][-]{subsection.Alph0.8.1}{\376\377\000T\000e\000c\000h\000n\000i\000c\000a\000l\000\040\000L\000i\000m\000i\000t\000a\000t\000i\000o\000n\000s}{section.Alph0.8}% 99
\BOOKMARK [2][-]{subsection.Alph0.8.2}{\376\377\000D\000e\000p\000l\000o\000y\000m\000e\000n\000t\000\040\000C\000h\000a\000l\000l\000e\000n\000g\000e\000s}{section.Alph0.8}% 100
\BOOKMARK [1][-]{section.Alph0.9}{\376\377\000F\000u\000t\000u\000r\000e\000\040\000R\000e\000s\000e\000a\000r\000c\000h\000\040\000D\000i\000r\000e\000c\000t\000i\000o\000n\000s}{appendix*.36}% 101
\BOOKMARK [2][-]{subsection.Alph0.9.1}{\376\377\000C\000r\000y\000p\000t\000o\000g\000r\000a\000p\000h\000i\000c\000\040\000E\000n\000h\000a\000n\000c\000e\000m\000e\000n\000t\000s}{section.Alph0.9}% 102
\BOOKMARK [2][-]{subsection.Alph0.9.2}{\376\377\000S\000y\000s\000t\000e\000m\000\040\000O\000p\000t\000i\000m\000i\000z\000a\000t\000i\000o\000n}{section.Alph0.9}% 103
\BOOKMARK [2][-]{subsection.Alph0.9.3}{\376\377\000S\000e\000c\000u\000r\000i\000t\000y\000\040\000A\000n\000a\000l\000y\000s\000i\000s}{section.Alph0.9}% 104
\BOOKMARK [1][-]{section.Alph0.10}{\376\377\000F\000i\000n\000a\000l\000\040\000R\000e\000c\000o\000m\000m\000e\000n\000d\000a\000t\000i\000o\000n\000s}{appendix*.36}% 105
\BOOKMARK [2][-]{subsection.Alph0.10.1}{\376\377\000F\000o\000r\000\040\000O\000r\000g\000a\000n\000i\000z\000a\000t\000i\000o\000n\000s}{section.Alph0.10}% 106
\BOOKMARK [2][-]{subsection.Alph0.10.2}{\376\377\000F\000o\000r\000\040\000R\000e\000s\000e\000a\000r\000c\000h\000e\000r\000s}{section.Alph0.10}% 107
\BOOKMARK [2][-]{subsection.Alph0.10.3}{\376\377\000F\000o\000r\000\040\000P\000o\000l\000i\000c\000y\000m\000a\000k\000e\000r\000s}{section.Alph0.10}% 108
\BOOKMARK [1][-]{section.Alph0.11}{\376\377\000C\000o\000n\000c\000l\000u\000s\000i\000o\000n}{appendix*.36}% 109
\BOOKMARK [0][-]{appendix*.37}{\376\377\000R\000e\000f\000e\000r\000e\000n\000c\000e\000s}{}% 110
\BOOKMARK [0][-]{appendix*.39}{\376\377\000S\000e\000c\000u\000r\000i\000t\000y\000\040\000P\000r\000o\000o\000f\000s\000\040\000a\000n\000d\000\040\000M\000a\000t\000h\000e\000m\000a\000t\000i\000c\000a\000l\000\040\000A\000n\000a\000l\000y\000s\000i\000s}{}% 111
\BOOKMARK [1][-]{section.Alph0.1}{\376\377\000P\000o\000s\000t\000-\000Q\000u\000a\000n\000t\000u\000m\000\040\000K\000e\000y\000\040\000E\000n\000c\000a\000p\000s\000u\000l\000a\000t\000i\000o\000n\000\040\000S\000e\000c\000u\000r\000i\000t\000y\000\040\000P\000r\000o\000o\000f}{appendix*.39}% 112
\BOOKMARK [1][-]{section.Alph0.2}{\376\377\000F\000e\000d\000e\000r\000a\000t\000e\000d\000\040\000L\000e\000a\000r\000n\000i\000n\000g\000\040\000P\000r\000o\000t\000o\000c\000o\000l\000\040\000S\000e\000c\000u\000r\000i\000t\000y\000\040\000A\000n\000a\000l\000y\000s\000i\000s}{appendix*.39}% 113
\BOOKMARK [1][-]{section.Alph0.3}{\376\377\000H\000a\000r\000d\000w\000a\000r\000e\000\040\000S\000e\000c\000u\000r\000i\000t\000y\000\040\000M\000o\000d\000u\000l\000e\000\040\000I\000n\000t\000e\000g\000r\000a\000t\000i\000o\000n}{appendix*.39}% 114
\BOOKMARK [0][-]{appendix*.40}{\376\377\000I\000m\000p\000l\000e\000m\000e\000n\000t\000a\000t\000i\000o\000n\000\040\000D\000e\000t\000a\000i\000l\000s\000\040\000a\000n\000d\000\040\000C\000o\000d\000e\000\040\000E\000x\000a\000m\000p\000l\000e\000s}{}% 115
\BOOKMARK [1][-]{section.Alph0.4}{\376\377\000C\000r\000y\000p\000t\000o\000g\000r\000a\000p\000h\000i\000c\000\040\000L\000i\000b\000r\000a\000r\000y\000\040\000I\000n\000t\000e\000g\000r\000a\000t\000i\000o\000n}{appendix*.40}% 116
\BOOKMARK [1][-]{section.Alph0.5}{\376\377\000P\000e\000r\000f\000o\000r\000m\000a\000n\000c\000e\000\040\000O\000p\000t\000i\000m\000i\000z\000a\000t\000i\000o\000n\000\040\000T\000e\000c\000h\000n\000i\000q\000u\000e\000s}{appendix*.40}% 117
\BOOKMARK [0][-]{appendix*.41}{\376\377\000C\000o\000m\000p\000l\000i\000a\000n\000c\000e\000\040\000a\000n\000d\000\040\000C\000e\000r\000t\000i\000f\000i\000c\000a\000t\000i\000o\000n\000\040\000D\000o\000c\000u\000m\000e\000n\000t\000a\000t\000i\000o\000n}{}% 118
\BOOKMARK [1][-]{section.Alph0.6}{\376\377\000F\000I\000P\000S\000\040\0001\0004\0000\000-\0002\000\040\000L\000e\000v\000e\000l\000\040\0003\000\040\000C\000e\000r\000t\000i\000f\000i\000c\000a\000t\000i\000o\000n}{appendix*.41}% 119
\BOOKMARK [1][-]{section.Alph0.7}{\376\377\000C\000o\000m\000m\000o\000n\000\040\000C\000r\000i\000t\000e\000r\000i\000a\000\040\000E\000A\000L\0004\000+\000\040\000E\000v\000a\000l\000u\000a\000t\000i\000o\000n}{appendix*.41}% 120
