\BOOKMARK [1][-]{Doc-Start}{\376\377\000A\000b\000s\000t\000r\000a\000c\000t}{}% 1
\BOOKMARK [1][-]{Doc-Start}{\376\377\000L\000i\000s\000t\000\040\000o\000f\000\040\000F\000i\000g\000u\000r\000e\000s}{}% 2
\BOOKMARK [1][-]{Doc-Start}{\376\377\000L\000i\000s\000t\000\040\000o\000f\000\040\000T\000a\000b\000l\000e\000s}{}% 3
\BOOKMARK [1][-]{Doc-Start}{\376\377\000L\000i\000s\000t\000\040\000o\000f\000\040\000A\000b\000b\000r\000e\000v\000i\000a\000t\000i\000o\000n\000s}{}% 4
\BOOKMARK [1][-]{section.1}{\376\377\000I\000n\000t\000r\000o\000d\000u\000c\000t\000i\000o\000n}{}% 5
\BOOKMARK [2][-]{subsection.1.1}{\376\377\000B\000a\000c\000k\000g\000r\000o\000u\000n\000d\000\040\000a\000n\000d\000\040\000M\000o\000t\000i\000v\000a\000t\000i\000o\000n}{section.1}% 6
\BOOKMARK [2][-]{subsection.1.2}{\376\377\000P\000r\000o\000b\000l\000e\000m\000\040\000S\000t\000a\000t\000e\000m\000e\000n\000t}{section.1}% 7
\BOOKMARK [2][-]{subsection.1.3}{\376\377\000R\000e\000s\000e\000a\000r\000c\000h\000\040\000O\000b\000j\000e\000c\000t\000i\000v\000e\000s}{section.1}% 8
\BOOKMARK [2][-]{subsection.1.4}{\376\377\000C\000o\000n\000t\000r\000i\000b\000u\000t\000i\000o\000n\000s}{section.1}% 9
\BOOKMARK [2][-]{subsection.1.5}{\376\377\000O\000r\000g\000a\000n\000i\000z\000a\000t\000i\000o\000n\000\040\000o\000f\000\040\000t\000h\000e\000\040\000R\000e\000p\000o\000r\000t}{section.1}% 10
\BOOKMARK [1][-]{section.2}{\376\377\000L\000i\000t\000e\000r\000a\000t\000u\000r\000e\000\040\000S\000u\000r\000v\000e\000y}{}% 11
\BOOKMARK [2][-]{subsection.2.1}{\376\377\000O\000v\000e\000r\000v\000i\000e\000w}{section.2}% 12
\BOOKMARK [2][-]{subsection.2.2}{\376\377\000K\000e\000y\000\040\000R\000e\000s\000e\000a\000r\000c\000h\000\040\000P\000a\000p\000e\000r\000s}{section.2}% 13
\BOOKMARK [3][-]{subsubsection.2.2.1}{\376\377\000F\000o\000u\000n\000d\000a\000t\000i\000o\000n\000a\000l\000\040\000F\000e\000d\000e\000r\000a\000t\000e\000d\000\040\000L\000e\000a\000r\000n\000i\000n\000g}{subsection.2.2}% 14
\BOOKMARK [2][-]{subsection.2.3}{\376\377\000L\000i\000t\000e\000r\000a\000t\000u\000r\000e\000\040\000S\000u\000m\000m\000a\000r\000y}{section.2}% 15
\BOOKMARK [2][-]{subsection.2.4}{\376\377\000R\000e\000s\000e\000a\000r\000c\000h\000\040\000G\000a\000p\000s}{section.2}% 16
\BOOKMARK [1][-]{section.3}{\376\377\000T\000h\000e\000o\000r\000e\000t\000i\000c\000a\000l\000\040\000F\000o\000u\000n\000d\000a\000t\000i\000o\000n\000s\000\040\000a\000n\000d\000\040\000M\000a\000t\000h\000e\000m\000a\000t\000i\000c\000a\000l\000\040\000F\000o\000r\000m\000u\000l\000a\000t\000i\000o\000n\000s}{}% 17
\BOOKMARK [2][-]{subsection.3.1}{\376\377\000F\000e\000d\000e\000r\000a\000t\000e\000d\000\040\000L\000e\000a\000r\000n\000i\000n\000g\000\040\000F\000r\000a\000m\000e\000w\000o\000r\000k}{section.3}% 18
\BOOKMARK [3][-]{subsubsection.3.1.1}{\376\377\000P\000r\000o\000b\000l\000e\000m\000\040\000F\000o\000r\000m\000u\000l\000a\000t\000i\000o\000n}{subsection.3.1}% 19
\BOOKMARK [3][-]{subsubsection.3.1.2}{\376\377\000F\000e\000d\000e\000r\000a\000t\000e\000d\000\040\000A\000v\000e\000r\000a\000g\000i\000n\000g\000\040\000A\000l\000g\000o\000r\000i\000t\000h\000m}{subsection.3.1}% 20
\BOOKMARK [2][-]{subsection.3.2}{\376\377\000P\000o\000s\000t\000-\000Q\000u\000a\000n\000t\000u\000m\000\040\000C\000r\000y\000p\000t\000o\000g\000r\000a\000p\000h\000y}{section.3}% 21
\BOOKMARK [3][-]{subsubsection.3.2.1}{\376\377\000K\000y\000b\000e\000r\000\040\000K\000e\000y\000\040\000E\000n\000c\000a\000p\000s\000u\000l\000a\000t\000i\000o\000n\000\040\000M\000e\000c\000h\000a\000n\000i\000s\000m}{subsection.3.2}% 22
\BOOKMARK [3][-]{subsubsection.3.2.2}{\376\377\000D\000i\000l\000i\000t\000h\000i\000u\000m\000\040\000D\000i\000g\000i\000t\000a\000l\000\040\000S\000i\000g\000n\000a\000t\000u\000r\000e\000s}{subsection.3.2}% 23
\BOOKMARK [2][-]{subsection.3.3}{\376\377\000D\000i\000f\000f\000e\000r\000e\000n\000t\000i\000a\000l\000\040\000P\000r\000i\000v\000a\000c\000y}{section.3}% 24
\BOOKMARK [3][-]{subsubsection.3.3.1}{\376\377\000F\000o\000r\000m\000a\000l\000\040\000D\000e\000f\000i\000n\000i\000t\000i\000o\000n}{subsection.3.3}% 25
\BOOKMARK [3][-]{subsubsection.3.3.2}{\376\377\000G\000a\000u\000s\000s\000i\000a\000n\000\040\000M\000e\000c\000h\000a\000n\000i\000s\000m}{subsection.3.3}% 26
\BOOKMARK [3][-]{subsubsection.3.3.3}{\376\377\000G\000r\000a\000d\000i\000e\000n\000t\000\040\000C\000l\000i\000p\000p\000i\000n\000g\000\040\000a\000n\000d\000\040\000N\000o\000i\000s\000e\000\040\000A\000d\000d\000i\000t\000i\000o\000n}{subsection.3.3}% 27
\BOOKMARK [2][-]{subsection.3.4}{\376\377\000B\000y\000z\000a\000n\000t\000i\000n\000e\000\040\000F\000a\000u\000l\000t\000\040\000T\000o\000l\000e\000r\000a\000n\000c\000e}{section.3}% 28
\BOOKMARK [3][-]{subsubsection.3.4.1}{\376\377\000B\000y\000z\000a\000n\000t\000i\000n\000e\000\040\000T\000h\000r\000e\000a\000t\000\040\000M\000o\000d\000e\000l}{subsection.3.4}% 29
\BOOKMARK [3][-]{subsubsection.3.4.2}{\376\377\000K\000r\000u\000m\000\040\000A\000g\000g\000r\000e\000g\000a\000t\000i\000o\000n}{subsection.3.4}% 30
\BOOKMARK [3][-]{subsubsection.3.4.3}{\376\377\000C\000o\000o\000r\000d\000i\000n\000a\000t\000e\000-\000W\000i\000s\000e\000\040\000M\000e\000d\000i\000a\000n}{subsection.3.4}% 31
\BOOKMARK [2][-]{subsection.3.5}{\376\377\000S\000e\000c\000u\000r\000i\000t\000y\000\040\000A\000n\000a\000l\000y\000s\000i\000s}{section.3}% 32
\BOOKMARK [3][-]{subsubsection.3.5.1}{\376\377\000T\000h\000r\000e\000a\000t\000\040\000M\000o\000d\000e\000l}{subsection.3.5}% 33
\BOOKMARK [3][-]{subsubsection.3.5.2}{\376\377\000S\000e\000c\000u\000r\000i\000t\000y\000\040\000P\000r\000o\000p\000e\000r\000t\000i\000e\000s}{subsection.3.5}% 34
\BOOKMARK [1][-]{section.4}{\376\377\000S\000y\000s\000t\000e\000m\000\040\000A\000r\000c\000h\000i\000t\000e\000c\000t\000u\000r\000e\000\040\000a\000n\000d\000\040\000I\000m\000p\000l\000e\000m\000e\000n\000t\000a\000t\000i\000o\000n}{}% 35
\BOOKMARK [2][-]{subsection.4.1}{\376\377\000O\000v\000e\000r\000a\000l\000l\000\040\000S\000y\000s\000t\000e\000m\000\040\000D\000e\000s\000i\000g\000n}{section.4}% 36
\BOOKMARK [2][-]{subsection.4.2}{\376\377\000S\000e\000r\000v\000e\000r\000\040\000A\000r\000c\000h\000i\000t\000e\000c\000t\000u\000r\000e}{section.4}% 37
\BOOKMARK [3][-]{subsubsection.4.2.1}{\376\377\000C\000r\000y\000p\000t\000o\000g\000r\000a\000p\000h\000i\000c\000\040\000M\000o\000d\000u\000l\000e}{subsection.4.2}% 38
\BOOKMARK [3][-]{subsubsection.4.2.2}{\376\377\000P\000r\000i\000v\000a\000c\000y\000\040\000M\000o\000d\000u\000l\000e}{subsection.4.2}% 39
\BOOKMARK [3][-]{subsubsection.4.2.3}{\376\377\000A\000g\000g\000r\000e\000g\000a\000t\000i\000o\000n\000\040\000M\000o\000d\000u\000l\000e}{subsection.4.2}% 40
\BOOKMARK [3][-]{subsubsection.4.2.4}{\376\377\000C\000o\000m\000m\000u\000n\000i\000c\000a\000t\000i\000o\000n\000\040\000M\000o\000d\000u\000l\000e}{subsection.4.2}% 41
\BOOKMARK [2][-]{subsection.4.3}{\376\377\000C\000l\000i\000e\000n\000t\000\040\000A\000r\000c\000h\000i\000t\000e\000c\000t\000u\000r\000e}{section.4}% 42
\BOOKMARK [2][-]{subsection.4.4}{\376\377\000M\000o\000n\000i\000t\000o\000r\000i\000n\000g\000\040\000D\000a\000s\000h\000b\000o\000a\000r\000d}{section.4}% 43
\BOOKMARK [2][-]{subsection.4.5}{\376\377\000D\000a\000t\000a\000b\000a\000s\000e\000\040\000S\000c\000h\000e\000m\000a}{section.4}% 44
\BOOKMARK [2][-]{subsection.4.6}{\376\377\000A\000P\000I\000\040\000E\000n\000d\000p\000o\000i\000n\000t\000s}{section.4}% 45
\BOOKMARK [1][-]{section.5}{\376\377\000E\000x\000p\000e\000r\000i\000m\000e\000n\000t\000a\000l\000\040\000S\000e\000t\000u\000p}{}% 46
\BOOKMARK [2][-]{subsection.5.1}{\376\377\000D\000a\000t\000a\000s\000e\000t\000\040\000D\000e\000s\000c\000r\000i\000p\000t\000i\000o\000n}{section.5}% 47
\BOOKMARK [3][-]{subsubsection.5.1.1}{\376\377\000M\000N\000I\000S\000T\000\040\000D\000a\000t\000a\000s\000e\000t\000\040\000O\000v\000e\000r\000v\000i\000e\000w}{subsection.5.1}% 48
\BOOKMARK [3][-]{subsubsection.5.1.2}{\376\377\000D\000a\000t\000a\000\040\000P\000r\000e\000p\000r\000o\000c\000e\000s\000s\000i\000n\000g\000\040\000P\000i\000p\000e\000l\000i\000n\000e}{subsection.5.1}% 49
\BOOKMARK [3][-]{subsubsection.5.1.3}{\376\377\000N\000o\000n\000-\000I\000I\000D\000\040\000D\000a\000t\000a\000\040\000D\000i\000s\000t\000r\000i\000b\000u\000t\000i\000o\000n}{subsection.5.1}% 50
\BOOKMARK [2][-]{subsection.5.2}{\376\377\000M\000o\000d\000e\000l\000\040\000A\000r\000c\000h\000i\000t\000e\000c\000t\000u\000r\000e}{section.5}% 51
\BOOKMARK [3][-]{subsubsection.5.2.1}{\376\377\000C\000o\000n\000v\000o\000l\000u\000t\000i\000o\000n\000a\000l\000\040\000N\000e\000u\000r\000a\000l\000\040\000N\000e\000t\000w\000o\000r\000k\000\040\000D\000e\000s\000i\000g\000n}{subsection.5.2}% 52
\BOOKMARK [2][-]{subsection.5.3}{\376\377\000T\000r\000a\000i\000n\000i\000n\000g\000\040\000C\000o\000n\000f\000i\000g\000u\000r\000a\000t\000i\000o\000n}{section.5}% 53
\BOOKMARK [3][-]{subsubsection.5.3.1}{\376\377\000H\000y\000p\000e\000r\000p\000a\000r\000a\000m\000e\000t\000e\000r\000s}{subsection.5.3}% 54
\BOOKMARK [2][-]{subsection.5.4}{\376\377\000H\000a\000r\000d\000w\000a\000r\000e\000\040\000a\000n\000d\000\040\000S\000o\000f\000t\000w\000a\000r\000e\000\040\000E\000n\000v\000i\000r\000o\000n\000m\000e\000n\000t}{section.5}% 55
\BOOKMARK [3][-]{subsubsection.5.4.1}{\376\377\000S\000y\000s\000t\000e\000m\000\040\000S\000p\000e\000c\000i\000f\000i\000c\000a\000t\000i\000o\000n\000s}{subsection.5.4}% 56
\BOOKMARK [3][-]{subsubsection.5.4.2}{\376\377\000S\000o\000f\000t\000w\000a\000r\000e\000\040\000S\000t\000a\000c\000k}{subsection.5.4}% 57
\BOOKMARK [2][-]{subsection.5.5}{\376\377\000E\000v\000a\000l\000u\000a\000t\000i\000o\000n\000\040\000M\000e\000t\000r\000i\000c\000s}{section.5}% 58
\BOOKMARK [1][-]{section.6}{\376\377\000E\000x\000p\000e\000r\000i\000m\000e\000n\000t\000a\000l\000\040\000R\000e\000s\000u\000l\000t\000s}{}% 59
\BOOKMARK [2][-]{subsection.6.1}{\376\377\000M\000o\000d\000e\000l\000\040\000P\000e\000r\000f\000o\000r\000m\000a\000n\000c\000e\000\040\000a\000n\000d\000\040\000A\000c\000c\000u\000r\000a\000c\000y}{section.6}% 60
\BOOKMARK [3][-]{subsubsection.6.1.1}{\376\377\000A\000c\000c\000u\000r\000a\000c\000y\000\040\000C\000o\000n\000v\000e\000r\000g\000e\000n\000c\000e}{subsection.6.1}% 61
\BOOKMARK [3][-]{subsubsection.6.1.2}{\376\377\000P\000e\000r\000f\000o\000r\000m\000a\000n\000c\000e\000\040\000U\000n\000d\000e\000r\000\040\000D\000i\000f\000f\000e\000r\000e\000n\000t\000\040\000S\000e\000c\000u\000r\000i\000t\000y\000\040\000C\000o\000n\000f\000i\000g\000u\000r\000a\000t\000i\000o\000n\000s}{subsection.6.1}% 62
\BOOKMARK [2][-]{subsection.6.2}{\376\377\000P\000o\000s\000t\000-\000Q\000u\000a\000n\000t\000u\000m\000\040\000C\000r\000y\000p\000t\000o\000g\000r\000a\000p\000h\000i\000c\000\040\000P\000e\000r\000f\000o\000r\000m\000a\000n\000c\000e}{section.6}% 63
\BOOKMARK [3][-]{subsubsection.6.2.1}{\376\377\000K\000e\000y\000\040\000G\000e\000n\000e\000r\000a\000t\000i\000o\000n\000\040\000P\000e\000r\000f\000o\000r\000m\000a\000n\000c\000e}{subsection.6.2}% 64
\BOOKMARK [3][-]{subsubsection.6.2.2}{\376\377\000C\000r\000y\000p\000t\000o\000g\000r\000a\000p\000h\000i\000c\000\040\000O\000p\000e\000r\000a\000t\000i\000o\000n\000\040\000T\000h\000r\000o\000u\000g\000h\000p\000u\000t}{subsection.6.2}% 65
\BOOKMARK [2][-]{subsection.6.3}{\376\377\000D\000i\000f\000f\000e\000r\000e\000n\000t\000i\000a\000l\000\040\000P\000r\000i\000v\000a\000c\000y\000\040\000M\000e\000c\000h\000a\000n\000i\000s\000m\000s}{section.6}% 66
\BOOKMARK [3][-]{subsubsection.6.3.1}{\376\377\000G\000r\000a\000d\000i\000e\000n\000t\000\040\000C\000l\000i\000p\000p\000i\000n\000g\000\040\000P\000e\000r\000f\000o\000r\000m\000a\000n\000c\000e}{subsection.6.3}% 67
\BOOKMARK [3][-]{subsubsection.6.3.2}{\376\377\000N\000o\000i\000s\000e\000\040\000A\000d\000d\000i\000t\000i\000o\000n\000\040\000P\000e\000r\000f\000o\000r\000m\000a\000n\000c\000e}{subsection.6.3}% 68
\BOOKMARK [2][-]{subsection.6.4}{\376\377\000B\000y\000z\000a\000n\000t\000i\000n\000e\000\040\000F\000a\000u\000l\000t\000\040\000T\000o\000l\000e\000r\000a\000n\000c\000e\000\040\000A\000n\000a\000l\000y\000s\000i\000s}{section.6}% 69
\BOOKMARK [3][-]{subsubsection.6.4.1}{\376\377\000A\000g\000g\000r\000e\000g\000a\000t\000i\000o\000n\000\040\000A\000l\000g\000o\000r\000i\000t\000h\000m\000\040\000C\000o\000m\000p\000a\000r\000i\000s\000o\000n}{subsection.6.4}% 70
\BOOKMARK [3][-]{subsubsection.6.4.2}{\376\377\000B\000y\000z\000a\000n\000t\000i\000n\000e\000\040\000D\000e\000t\000e\000c\000t\000i\000o\000n\000\040\000U\000n\000d\000e\000r\000\040\000A\000t\000t\000a\000c\000k}{subsection.6.4}% 71
\BOOKMARK [2][-]{subsection.6.5}{\376\377\000S\000c\000a\000l\000a\000b\000i\000l\000i\000t\000y\000\040\000A\000n\000a\000l\000y\000s\000i\000s}{section.6}% 72
\BOOKMARK [3][-]{subsubsection.6.5.1}{\376\377\000C\000l\000i\000e\000n\000t\000\040\000S\000c\000a\000l\000i\000n\000g\000\040\000P\000e\000r\000f\000o\000r\000m\000a\000n\000c\000e}{subsection.6.5}% 73
\BOOKMARK [3][-]{subsubsection.6.5.2}{\376\377\000S\000c\000a\000l\000a\000b\000i\000l\000i\000t\000y\000\040\000M\000e\000t\000r\000i\000c\000s}{subsection.6.5}% 74
\BOOKMARK [2][-]{subsection.6.6}{\376\377\000C\000r\000y\000p\000t\000o\000g\000r\000a\000p\000h\000i\000c\000\040\000P\000e\000r\000f\000o\000r\000m\000a\000n\000c\000e\000\040\000D\000e\000e\000p\000\040\000D\000i\000v\000e}{section.6}% 75
\BOOKMARK [3][-]{subsubsection.6.6.1}{\376\377\000K\000e\000y\000\040\000G\000e\000n\000e\000r\000a\000t\000i\000o\000n\000\040\000a\000n\000d\000\040\000E\000x\000c\000h\000a\000n\000g\000e}{subsection.6.6}% 76
\BOOKMARK [3][-]{subsubsection.6.6.2}{\376\377\000S\000e\000c\000u\000r\000i\000t\000y\000\040\000L\000e\000v\000e\000l\000\040\000V\000a\000l\000i\000d\000a\000t\000i\000o\000n}{subsection.6.6}% 77
\BOOKMARK [2][-]{subsection.6.7}{\376\377\000D\000i\000f\000f\000e\000r\000e\000n\000t\000i\000a\000l\000\040\000P\000r\000i\000v\000a\000c\000y\000\040\000I\000m\000p\000a\000c\000t\000\040\000A\000n\000a\000l\000y\000s\000i\000s}{section.6}% 78
\BOOKMARK [3][-]{subsubsection.6.7.1}{\376\377\000P\000r\000i\000v\000a\000c\000y\000-\000U\000t\000i\000l\000i\000t\000y\000\040\000T\000r\000a\000d\000e\000-\000o\000f\000f\000\040\000C\000u\000r\000v\000e}{subsection.6.7}% 79
\BOOKMARK [3][-]{subsubsection.6.7.2}{\376\377\000P\000r\000i\000v\000a\000c\000y\000\040\000C\000o\000m\000p\000o\000s\000i\000t\000i\000o\000n\000\040\000A\000n\000a\000l\000y\000s\000i\000s}{subsection.6.7}% 80
\BOOKMARK [2][-]{subsection.6.8}{\376\377\000E\000n\000d\000-\000t\000o\000-\000E\000n\000d\000\040\000S\000y\000s\000t\000e\000m\000\040\000P\000e\000r\000f\000o\000r\000m\000a\000n\000c\000e}{section.6}% 81
\BOOKMARK [3][-]{subsubsection.6.8.1}{\376\377\000C\000o\000m\000p\000l\000e\000t\000e\000\040\000S\000y\000s\000t\000e\000m\000\040\000M\000e\000t\000r\000i\000c\000s}{subsection.6.8}% 82
\BOOKMARK [3][-]{subsubsection.6.8.2}{\376\377\000P\000e\000r\000f\000o\000r\000m\000a\000n\000c\000e\000\040\000C\000o\000m\000p\000a\000r\000i\000s\000o\000n\000\040\000w\000i\000t\000h\000\040\000B\000a\000s\000e\000l\000i\000n\000e}{subsection.6.8}% 83
\BOOKMARK [1][-]{section.7}{\376\377\000D\000i\000s\000c\000u\000s\000s\000i\000o\000n\000\040\000a\000n\000d\000\040\000A\000n\000a\000l\000y\000s\000i\000s}{}% 84
\BOOKMARK [2][-]{subsection.7.1}{\376\377\000A\000c\000h\000i\000e\000v\000e\000m\000e\000n\000t\000\040\000o\000f\000\040\000R\000e\000s\000e\000a\000r\000c\000h\000\040\000O\000b\000j\000e\000c\000t\000i\000v\000e\000s}{section.7}% 85
\BOOKMARK [3][-]{subsubsection.7.1.1}{\376\377\000O\000b\000j\000e\000c\000t\000i\000v\000e\000\040\0001\000:\000\040\000Q\000u\000a\000n\000t\000u\000m\000-\000R\000e\000s\000i\000s\000t\000a\000n\000t\000\040\000F\000L\000\040\000S\000y\000s\000t\000e\000m}{subsection.7.1}% 86
\BOOKMARK [3][-]{subsubsection.7.1.2}{\376\377\000O\000b\000j\000e\000c\000t\000i\000v\000e\000\040\0002\000:\000\040\000D\000i\000f\000f\000e\000r\000e\000n\000t\000i\000a\000l\000\040\000P\000r\000i\000v\000a\000c\000y\000\040\000I\000n\000t\000e\000g\000r\000a\000t\000i\000o\000n}{subsection.7.1}% 87
\BOOKMARK [3][-]{subsubsection.7.1.3}{\376\377\000O\000b\000j\000e\000c\000t\000i\000v\000e\000\040\0003\000:\000\040\000B\000y\000z\000a\000n\000t\000i\000n\000e\000-\000R\000e\000s\000i\000l\000i\000e\000n\000t\000\040\000A\000g\000g\000r\000e\000g\000a\000t\000i\000o\000n}{subsection.7.1}% 88
\BOOKMARK [3][-]{subsubsection.7.1.4}{\376\377\000O\000b\000j\000e\000c\000t\000i\000v\000e\000\040\0004\000:\000\040\000M\000i\000n\000i\000m\000i\000z\000e\000\040\000P\000e\000r\000f\000o\000r\000m\000a\000n\000c\000e\000\040\000O\000v\000e\000r\000h\000e\000a\000d}{subsection.7.1}% 89
\BOOKMARK [3][-]{subsubsection.7.1.5}{\376\377\000O\000b\000j\000e\000c\000t\000i\000v\000e\000\040\0005\000:\000\040\000D\000e\000m\000o\000n\000s\000t\000r\000a\000t\000e\000\040\000S\000c\000a\000l\000a\000b\000i\000l\000i\000t\000y}{subsection.7.1}% 90
\BOOKMARK [3][-]{subsubsection.7.1.6}{\376\377\000O\000b\000j\000e\000c\000t\000i\000v\000e\000\040\0006\000:\000\040\000P\000r\000o\000d\000u\000c\000t\000i\000o\000n\000-\000R\000e\000a\000d\000y\000\040\000P\000l\000a\000t\000f\000o\000r\000m}{subsection.7.1}% 91
\BOOKMARK [3][-]{subsubsection.7.1.7}{\376\377\000O\000v\000e\000r\000a\000l\000l\000\040\000A\000c\000h\000i\000e\000v\000e\000m\000e\000n\000t\000\040\000S\000u\000m\000m\000a\000r\000y}{subsection.7.1}% 92
\BOOKMARK [2][-]{subsection.7.2}{\376\377\000T\000r\000a\000d\000e\000-\000o\000f\000f\000s\000\040\000a\000n\000d\000\040\000D\000e\000s\000i\000g\000n\000\040\000C\000h\000o\000i\000c\000e\000s}{section.7}% 93
\BOOKMARK [3][-]{subsubsection.7.2.1}{\376\377\000S\000e\000c\000u\000r\000i\000t\000y\000\040\000v\000s\000.\000\040\000P\000e\000r\000f\000o\000r\000m\000a\000n\000c\000e\000\040\000T\000r\000a\000d\000e\000-\000o\000f\000f}{subsection.7.2}% 94
\BOOKMARK [3][-]{subsubsection.7.2.2}{\376\377\000P\000r\000i\000v\000a\000c\000y\000\040\000v\000s\000.\000\040\000U\000t\000i\000l\000i\000t\000y\000\040\000T\000r\000a\000d\000e\000-\000o\000f\000f}{subsection.7.2}% 95
\BOOKMARK [3][-]{subsubsection.7.2.3}{\376\377\000B\000y\000z\000a\000n\000t\000i\000n\000e\000\040\000R\000e\000s\000i\000l\000i\000e\000n\000c\000e\000\040\000v\000s\000.\000\040\000C\000o\000m\000p\000u\000t\000a\000t\000i\000o\000n\000a\000l\000\040\000C\000o\000s\000t}{subsection.7.2}% 96
\BOOKMARK [2][-]{subsection.7.3}{\376\377\000P\000r\000a\000c\000t\000i\000c\000a\000l\000\040\000I\000m\000p\000l\000i\000c\000a\000t\000i\000o\000n\000s}{section.7}% 97
\BOOKMARK [3][-]{subsubsection.7.3.1}{\376\377\000D\000e\000p\000l\000o\000y\000m\000e\000n\000t\000\040\000S\000c\000e\000n\000a\000r\000i\000o\000s}{subsection.7.3}% 98
\BOOKMARK [3][-]{subsubsection.7.3.2}{\376\377\000E\000c\000o\000n\000o\000m\000i\000c\000\040\000C\000o\000n\000s\000i\000d\000e\000r\000a\000t\000i\000o\000n\000s}{subsection.7.3}% 99
\BOOKMARK [2][-]{subsection.7.4}{\376\377\000L\000i\000m\000i\000t\000a\000t\000i\000o\000n\000s\000\040\000a\000n\000d\000\040\000C\000h\000a\000l\000l\000e\000n\000g\000e\000s}{section.7}% 100
\BOOKMARK [3][-]{subsubsection.7.4.1}{\376\377\000C\000u\000r\000r\000e\000n\000t\000\040\000L\000i\000m\000i\000t\000a\000t\000i\000o\000n\000s}{subsection.7.4}% 101
\BOOKMARK [3][-]{subsubsection.7.4.2}{\376\377\000O\000p\000e\000n\000\040\000R\000e\000s\000e\000a\000r\000c\000h\000\040\000Q\000u\000e\000s\000t\000i\000o\000n\000s}{subsection.7.4}% 102
\BOOKMARK [2][-]{subsection.7.5}{\376\377\000C\000o\000m\000p\000a\000r\000i\000s\000o\000n\000\040\000w\000i\000t\000h\000\040\000R\000e\000l\000a\000t\000e\000d\000\040\000W\000o\000r\000k}{section.7}% 103
\BOOKMARK [1][-]{section.8}{\376\377\000C\000o\000n\000c\000l\000u\000s\000i\000o\000n\000\040\000a\000n\000d\000\040\000F\000u\000t\000u\000r\000e\000\040\000W\000o\000r\000k}{}% 104
\BOOKMARK [2][-]{subsection.8.1}{\376\377\000S\000u\000m\000m\000a\000r\000y\000\040\000o\000f\000\040\000K\000e\000y\000\040\000F\000i\000n\000d\000i\000n\000g\000s}{section.8}% 105
\BOOKMARK [2][-]{subsection.8.2}{\376\377\000I\000m\000p\000a\000c\000t\000\040\000a\000n\000d\000\040\000S\000i\000g\000n\000i\000f\000i\000c\000a\000n\000c\000e}{section.8}% 106
\BOOKMARK [2][-]{subsection.8.3}{\376\377\000F\000u\000t\000u\000r\000e\000\040\000R\000e\000s\000e\000a\000r\000c\000h\000\040\000D\000i\000r\000e\000c\000t\000i\000o\000n\000s}{section.8}% 107
\BOOKMARK [2][-]{subsection.8.4}{\376\377\000C\000l\000o\000s\000i\000n\000g\000\040\000R\000e\000m\000a\000r\000k\000s}{section.8}% 108
\BOOKMARK [1][-]{subsection.8.4}{\376\377\000R\000e\000f\000e\000r\000e\000n\000c\000e\000s}{}% 109
