\BOOKMARK [1][-]{Doc-Start}{\376\377\000A\000b\000s\000t\000r\000a\000c\000t}{}% 1
\BOOKMARK [1][-]{Doc-Start}{\376\377\000L\000i\000s\000t\000\040\000o\000f\000\040\000A\000b\000b\000r\000e\000v\000i\000a\000t\000i\000o\000n\000s}{}% 2
\BOOKMARK [1][-]{section.1}{\376\377\000I\000n\000t\000r\000o\000d\000u\000c\000t\000i\000o\000n}{}% 3
\BOOKMARK [2][-]{subsection.1.1}{\376\377\000B\000a\000c\000k\000g\000r\000o\000u\000n\000d\000\040\000a\000n\000d\000\040\000M\000o\000t\000i\000v\000a\000t\000i\000o\000n}{section.1}% 4
\BOOKMARK [2][-]{subsection.1.2}{\376\377\000P\000r\000o\000b\000l\000e\000m\000\040\000S\000t\000a\000t\000e\000m\000e\000n\000t}{section.1}% 5
\BOOKMARK [2][-]{subsection.1.3}{\376\377\000R\000e\000s\000e\000a\000r\000c\000h\000\040\000O\000b\000j\000e\000c\000t\000i\000v\000e\000s}{section.1}% 6
\BOOKMARK [2][-]{subsection.1.4}{\376\377\000C\000o\000n\000t\000r\000i\000b\000u\000t\000i\000o\000n\000s}{section.1}% 7
\BOOKMARK [2][-]{subsection.1.5}{\376\377\000R\000e\000p\000o\000r\000t\000\040\000O\000r\000g\000a\000n\000i\000z\000a\000t\000i\000o\000n}{section.1}% 8
\BOOKMARK [2][-]{subsection.1.6}{\376\377\000E\000x\000p\000e\000r\000i\000m\000e\000n\000t\000a\000l\000\040\000S\000e\000t\000u\000p}{section.1}% 9
\BOOKMARK [1][-]{section.2}{\376\377\000R\000e\000l\000a\000t\000e\000d\000\040\000W\000o\000r\000k\000\040\000a\000n\000d\000\040\000L\000i\000t\000e\000r\000a\000t\000u\000r\000e\000\040\000R\000e\000v\000i\000e\000w}{}% 10
\BOOKMARK [2][-]{subsection.2.1}{\376\377\000L\000i\000t\000e\000r\000a\000t\000u\000r\000e\000\040\000S\000u\000r\000v\000e\000y}{section.2}% 11
\BOOKMARK [2][-]{subsection.2.2}{\376\377\000C\000r\000i\000t\000i\000c\000a\000l\000\040\000G\000a\000p\000s\000\040\000i\000n\000\040\000L\000i\000t\000e\000r\000a\000t\000u\000r\000e}{section.2}% 12
\BOOKMARK [3][-]{subsubsection.2.2.1}{\376\377\000G\000a\000p\000\040\0001\000:\000\040\000L\000a\000c\000k\000\040\000o\000f\000\040\000Q\000u\000a\000n\000t\000u\000m\000-\000R\000e\000s\000i\000s\000t\000a\000n\000t\000\040\000F\000L\000\040\000S\000y\000s\000t\000e\000m\000s}{subsection.2.2}% 13
\BOOKMARK [3][-]{subsubsection.2.2.2}{\376\377\000G\000a\000p\000\040\0002\000:\000\040\000I\000n\000c\000o\000m\000p\000l\000e\000t\000e\000\040\000S\000e\000c\000u\000r\000i\000t\000y\000\040\000I\000n\000t\000e\000g\000r\000a\000t\000i\000o\000n}{subsection.2.2}% 14
\BOOKMARK [3][-]{subsubsection.2.2.3}{\376\377\000G\000a\000p\000\040\0003\000:\000\040\000P\000e\000r\000f\000o\000r\000m\000a\000n\000c\000e\000-\000S\000e\000c\000u\000r\000i\000t\000y\000\040\000T\000r\000a\000d\000e\000-\000o\000f\000f\000\040\000A\000s\000s\000u\000m\000p\000t\000i\000o\000n\000s}{subsection.2.2}% 15
\BOOKMARK [3][-]{subsubsection.2.2.4}{\376\377\000G\000a\000p\000\040\0004\000:\000\040\000B\000y\000z\000a\000n\000t\000i\000n\000e\000\040\000A\000g\000g\000r\000e\000g\000a\000t\000i\000o\000n\000\040\000S\000c\000a\000l\000a\000b\000i\000l\000i\000t\000y}{subsection.2.2}% 16
\BOOKMARK [3][-]{subsubsection.2.2.5}{\376\377\000G\000a\000p\000\040\0005\000:\000\040\000P\000r\000i\000v\000a\000c\000y\000-\000U\000t\000i\000l\000i\000t\000y\000\040\000T\000r\000a\000d\000e\000-\000o\000f\000f\000\040\000O\000p\000t\000i\000m\000i\000z\000a\000t\000i\000o\000n}{subsection.2.2}% 17
\BOOKMARK [3][-]{subsubsection.2.2.6}{\376\377\000G\000a\000p\000\040\0006\000:\000\040\000L\000a\000c\000k\000\040\000o\000f\000\040\000P\000r\000o\000d\000u\000c\000t\000i\000o\000n\000-\000R\000e\000a\000d\000y\000\040\000I\000m\000p\000l\000e\000m\000e\000n\000t\000a\000t\000i\000o\000n\000s}{subsection.2.2}% 18
\BOOKMARK [3][-]{subsubsection.2.2.7}{\376\377\000G\000a\000p\000\040\0007\000:\000\040\000C\000o\000m\000p\000r\000e\000h\000e\000n\000s\000i\000v\000e\000\040\000P\000e\000r\000f\000o\000r\000m\000a\000n\000c\000e\000\040\000B\000e\000n\000c\000h\000m\000a\000r\000k\000i\000n\000g}{subsection.2.2}% 19
\BOOKMARK [2][-]{subsection.2.3}{\376\377\000R\000e\000s\000e\000a\000r\000c\000h\000\040\000C\000o\000n\000t\000r\000i\000b\000u\000t\000i\000o\000n\000s\000\040\000S\000u\000m\000m\000a\000r\000y}{section.2}% 20
\BOOKMARK [1][-]{section.3}{\376\377\000E\000x\000e\000c\000u\000t\000i\000v\000e\000\040\000S\000u\000m\000m\000a\000r\000y}{}% 21
\BOOKMARK [2][-]{subsection.3.1}{\376\377\000K\000e\000y\000\040\000A\000c\000h\000i\000e\000v\000e\000m\000e\000n\000t\000s}{section.3}% 22
\BOOKMARK [1][-]{section.4}{\376\377\000M\000o\000d\000e\000l\000\040\000P\000e\000r\000f\000o\000r\000m\000a\000n\000c\000e\000\040\000R\000e\000s\000u\000l\000t\000s}{}% 23
\BOOKMARK [2][-]{subsection.4.1}{\376\377\000T\000r\000a\000i\000n\000i\000n\000g\000\040\000A\000c\000c\000u\000r\000a\000c\000y\000\040\000P\000r\000o\000g\000r\000e\000s\000s\000i\000o\000n}{section.4}% 24
\BOOKMARK [3][-]{subsubsection.4.1.1}{\376\377\000R\000o\000u\000n\000d\000-\000b\000y\000-\000R\000o\000u\000n\000d\000\040\000P\000e\000r\000f\000o\000r\000m\000a\000n\000c\000e}{subsection.4.1}% 25
\BOOKMARK [2][-]{subsection.4.2}{\376\377\000D\000a\000t\000a\000s\000e\000t\000\040\000D\000e\000s\000c\000r\000i\000p\000t\000i\000o\000n\000\040\000a\000n\000d\000\040\000P\000r\000e\000p\000r\000o\000c\000e\000s\000s\000i\000n\000g}{section.4}% 26
\BOOKMARK [3][-]{subsubsection.4.2.1}{\376\377\000M\000N\000I\000S\000T\000\040\000D\000a\000t\000a\000s\000e\000t\000\040\000O\000v\000e\000r\000v\000i\000e\000w}{subsection.4.2}% 27
\BOOKMARK [3][-]{subsubsection.4.2.2}{\376\377\000D\000a\000t\000a\000\040\000P\000r\000e\000p\000r\000o\000c\000e\000s\000s\000i\000n\000g\000\040\000P\000i\000p\000e\000l\000i\000n\000e}{subsection.4.2}% 28
\BOOKMARK [3][-]{subsubsection.4.2.3}{\376\377\000N\000o\000n\000-\000I\000I\000D\000\040\000D\000a\000t\000a\000\040\000D\000i\000s\000t\000r\000i\000b\000u\000t\000i\000o\000n}{subsection.4.2}% 29
\BOOKMARK [2][-]{subsection.4.3}{\376\377\000T\000r\000a\000i\000n\000i\000n\000g\000\040\000C\000o\000n\000f\000i\000g\000u\000r\000a\000t\000i\000o\000n}{section.4}% 30
\BOOKMARK [2][-]{subsection.4.4}{\376\377\000P\000e\000r\000f\000o\000r\000m\000a\000n\000c\000e\000\040\000U\000n\000d\000e\000r\000\040\000D\000i\000f\000f\000e\000r\000e\000n\000t\000\040\000S\000c\000e\000n\000a\000r\000i\000o\000s}{section.4}% 31
\BOOKMARK [1][-]{section.5}{\376\377\000P\000o\000s\000t\000-\000Q\000u\000a\000n\000t\000u\000m\000\040\000C\000r\000y\000p\000t\000o\000g\000r\000a\000p\000h\000y\000\040\000P\000e\000r\000f\000o\000r\000m\000a\000n\000c\000e}{}% 32
\BOOKMARK [2][-]{subsection.5.1}{\376\377\000C\000r\000y\000p\000t\000o\000g\000r\000a\000p\000h\000i\000c\000\040\000O\000p\000e\000r\000a\000t\000i\000o\000n\000s\000\040\000B\000e\000n\000c\000h\000m\000a\000r\000k\000i\000n\000g}{section.5}% 33
\BOOKMARK [3][-]{subsubsection.5.1.1}{\376\377\000C\000r\000y\000p\000t\000o\000g\000r\000a\000p\000h\000i\000c\000\040\000O\000p\000e\000r\000a\000t\000i\000o\000n\000\040\000P\000e\000r\000f\000o\000r\000m\000a\000n\000c\000e}{subsection.5.1}% 34
\BOOKMARK [2][-]{subsection.5.2}{\376\377\000R\000e\000a\000l\000-\000W\000o\000r\000l\000d\000\040\000C\000r\000y\000p\000t\000o\000\040\000O\000v\000e\000r\000h\000e\000a\000d}{section.5}% 35
\BOOKMARK [1][-]{section.6}{\376\377\000D\000i\000f\000f\000e\000r\000e\000n\000t\000i\000a\000l\000\040\000P\000r\000i\000v\000a\000c\000y\000\040\000P\000e\000r\000f\000o\000r\000m\000a\000n\000c\000e}{}% 36
\BOOKMARK [2][-]{subsection.6.1}{\376\377\000P\000r\000i\000v\000a\000c\000y\000-\000P\000r\000e\000s\000e\000r\000v\000i\000n\000g\000\040\000N\000o\000i\000s\000e\000\040\000M\000e\000c\000h\000a\000n\000i\000s\000m\000s}{section.6}% 37
\BOOKMARK [3][-]{subsubsection.6.1.1}{\376\377\000P\000r\000i\000v\000a\000c\000y\000-\000P\000r\000e\000s\000e\000r\000v\000i\000n\000g\000\040\000O\000p\000e\000r\000a\000t\000i\000o\000n\000\040\000P\000e\000r\000f\000o\000r\000m\000a\000n\000c\000e}{subsection.6.1}% 38
\BOOKMARK [1][-]{section.7}{\376\377\000B\000y\000z\000a\000n\000t\000i\000n\000e\000\040\000F\000a\000u\000l\000t\000\040\000T\000o\000l\000e\000r\000a\000n\000c\000e}{}% 39
\BOOKMARK [2][-]{subsection.7.1}{\376\377\000A\000g\000g\000r\000e\000g\000a\000t\000i\000o\000n\000\040\000A\000l\000g\000o\000r\000i\000t\000h\000m\000\040\000C\000o\000m\000p\000a\000r\000i\000s\000o\000n}{section.7}% 40
\BOOKMARK [3][-]{subsubsection.7.1.1}{\376\377\000P\000e\000r\000f\000o\000r\000m\000a\000n\000c\000e\000\040\000A\000c\000r\000o\000s\000s\000\040\000D\000i\000f\000f\000e\000r\000e\000n\000t\000\040\000C\000l\000i\000e\000n\000t\000\040\000S\000c\000a\000l\000e\000s}{subsection.7.1}% 41
\BOOKMARK [2][-]{subsection.7.2}{\376\377\000B\000y\000z\000a\000n\000t\000i\000n\000e\000\040\000A\000t\000t\000a\000c\000k\000\040\000D\000e\000t\000e\000c\000t\000i\000o\000n}{section.7}% 42
\BOOKMARK [2][-]{subsection.7.3}{\376\377\000I\000m\000p\000a\000c\000t\000\040\000o\000n\000\040\000M\000o\000d\000e\000l\000\040\000A\000c\000c\000u\000r\000a\000c\000y}{section.7}% 43
\BOOKMARK [1][-]{section.8}{\376\377\000S\000c\000a\000l\000a\000b\000i\000l\000i\000t\000y\000\040\000A\000n\000a\000l\000y\000s\000i\000s}{}% 44
\BOOKMARK [2][-]{subsection.8.1}{\376\377\000M\000u\000l\000t\000i\000-\000C\000l\000i\000e\000n\000t\000\040\000P\000e\000r\000f\000o\000r\000m\000a\000n\000c\000e}{section.8}% 45
\BOOKMARK [3][-]{subsubsection.8.1.1}{\376\377\000T\000r\000a\000i\000n\000i\000n\000g\000\040\000T\000i\000m\000e\000\040\000a\000n\000d\000\040\000R\000e\000s\000o\000u\000r\000c\000e\000\040\000U\000s\000a\000g\000e}{subsection.8.1}% 46
\BOOKMARK [2][-]{subsection.8.2}{\376\377\000S\000y\000s\000t\000e\000m\000\040\000R\000e\000s\000o\000u\000r\000c\000e\000\040\000U\000t\000i\000l\000i\000z\000a\000t\000i\000o\000n}{section.8}% 47
\BOOKMARK [1][-]{section.9}{\376\377\000S\000e\000c\000u\000r\000i\000t\000y\000\040\000C\000o\000n\000f\000i\000g\000u\000r\000a\000t\000i\000o\000n\000\040\000C\000o\000m\000p\000a\000r\000i\000s\000o\000n}{}% 48
\BOOKMARK [2][-]{subsection.9.1}{\376\377\000E\000n\000d\000-\000t\000o\000-\000E\000n\000d\000\040\000P\000e\000r\000f\000o\000r\000m\000a\000n\000c\000e\000\040\000A\000n\000a\000l\000y\000s\000i\000s}{section.9}% 49
\BOOKMARK [2][-]{subsection.9.2}{\376\377\000C\000r\000i\000t\000i\000c\000a\000l\000\040\000F\000i\000n\000d\000i\000n\000g}{section.9}% 50
\BOOKMARK [1][-]{section.10}{\376\377\000C\000o\000m\000p\000r\000e\000h\000e\000n\000s\000i\000v\000e\000\040\000P\000e\000r\000f\000o\000r\000m\000a\000n\000c\000e\000\040\000S\000u\000m\000m\000a\000r\000y}{}% 51
\BOOKMARK [2][-]{subsection.10.1}{\376\377\000P\000r\000o\000d\000u\000c\000t\000i\000o\000n\000-\000R\000e\000a\000d\000y\000\040\000S\000y\000s\000t\000e\000m\000\040\000M\000e\000t\000r\000i\000c\000s}{section.10}% 52
\BOOKMARK [2][-]{subsection.10.2}{\376\377\000C\000o\000m\000p\000u\000t\000a\000t\000i\000o\000n\000a\000l\000\040\000M\000e\000t\000r\000i\000c\000s\000\040\000a\000n\000d\000\040\000S\000y\000s\000t\000e\000m\000\040\000P\000a\000r\000a\000m\000e\000t\000e\000r\000s}{section.10}% 53
\BOOKMARK [3][-]{subsubsection.10.2.1}{\376\377\000H\000a\000r\000d\000w\000a\000r\000e\000\040\000a\000n\000d\000\040\000S\000y\000s\000t\000e\000m\000\040\000S\000p\000e\000c\000i\000f\000i\000c\000a\000t\000i\000o\000n\000s}{subsection.10.2}% 54
\BOOKMARK [3][-]{subsubsection.10.2.2}{\376\377\000S\000o\000f\000t\000w\000a\000r\000e\000\040\000S\000t\000a\000c\000k\000\040\000a\000n\000d\000\040\000D\000e\000p\000e\000n\000d\000e\000n\000c\000i\000e\000s}{subsection.10.2}% 55
\BOOKMARK [3][-]{subsubsection.10.2.3}{\376\377\000N\000e\000t\000w\000o\000r\000k\000\040\000a\000n\000d\000\040\000C\000o\000m\000m\000u\000n\000i\000c\000a\000t\000i\000o\000n\000\040\000P\000a\000r\000a\000m\000e\000t\000e\000r\000s}{subsection.10.2}% 56
\BOOKMARK [3][-]{subsubsection.10.2.4}{\376\377\000M\000o\000d\000e\000l\000\040\000T\000r\000a\000i\000n\000i\000n\000g\000\040\000C\000o\000m\000p\000u\000t\000a\000t\000i\000o\000n\000a\000l\000\040\000M\000e\000t\000r\000i\000c\000s}{subsection.10.2}% 57
\BOOKMARK [3][-]{subsubsection.10.2.5}{\376\377\000C\000r\000y\000p\000t\000o\000g\000r\000a\000p\000h\000i\000c\000\040\000O\000p\000e\000r\000a\000t\000i\000o\000n\000\040\000C\000o\000m\000p\000u\000t\000a\000t\000i\000o\000n\000a\000l\000\040\000C\000o\000s\000t\000s}{subsection.10.2}% 58
\BOOKMARK [3][-]{subsubsection.10.2.6}{\376\377\000D\000a\000t\000a\000b\000a\000s\000e\000\040\000a\000n\000d\000\040\000S\000t\000o\000r\000a\000g\000e\000\040\000M\000e\000t\000r\000i\000c\000s}{subsection.10.2}% 59
\BOOKMARK [1][-]{section.11}{\376\377\000E\000x\000p\000e\000r\000i\000m\000e\000n\000t\000a\000l\000\040\000R\000e\000s\000u\000l\000t\000s\000\040\000V\000i\000s\000u\000a\000l\000i\000z\000a\000t\000i\000o\000n}{}% 60
\BOOKMARK [1][-]{section.12}{\376\377\000K\000e\000y\000\040\000I\000n\000n\000o\000v\000a\000t\000i\000o\000n\000s\000\040\000a\000n\000d\000\040\000C\000o\000n\000t\000r\000i\000b\000u\000t\000i\000o\000n\000s}{}% 61
\BOOKMARK [2][-]{subsection.12.1}{\376\377\000N\000o\000v\000e\000l\000\040\000C\000o\000n\000t\000r\000i\000b\000u\000t\000i\000o\000n\000s}{section.12}% 62
\BOOKMARK [1][-]{section.13}{\376\377\000C\000o\000m\000p\000a\000r\000a\000t\000i\000v\000e\000\040\000A\000n\000a\000l\000y\000s\000i\000s}{}% 63
\BOOKMARK [2][-]{subsection.13.1}{\376\377\000Q\000F\000L\000A\000R\000E\000\040\000v\000s\000\040\000T\000r\000a\000d\000i\000t\000i\000o\000n\000a\000l\000\040\000F\000e\000d\000e\000r\000a\000t\000e\000d\000\040\000L\000e\000a\000r\000n\000i\000n\000g}{section.13}% 64
\BOOKMARK [1][-]{section.14}{\376\377\000S\000y\000s\000t\000e\000m\000\040\000A\000r\000c\000h\000i\000t\000e\000c\000t\000u\000r\000e}{}% 65
\BOOKMARK [2][-]{subsection.14.1}{\376\377\000A\000r\000c\000h\000i\000t\000e\000c\000t\000u\000r\000e\000\040\000H\000i\000g\000h\000l\000i\000g\000h\000t\000s}{section.14}% 66
\BOOKMARK [1][-]{section.15}{\376\377\000C\000o\000n\000c\000l\000u\000s\000i\000o\000n\000s}{}% 67
\BOOKMARK [1][-]{section.16}{\376\377\000D\000i\000s\000c\000u\000s\000s\000i\000o\000n\000\040\000a\000n\000d\000\040\000A\000n\000a\000l\000y\000s\000i\000s}{}% 68
\BOOKMARK [2][-]{subsection.16.1}{\376\377\000R\000e\000s\000e\000a\000r\000c\000h\000\040\000O\000b\000j\000e\000c\000t\000i\000v\000e\000s\000\040\000A\000c\000h\000i\000e\000v\000e\000m\000e\000n\000t\000\040\000A\000n\000a\000l\000y\000s\000i\000s}{section.16}% 69
\BOOKMARK [3][-]{subsubsection.16.1.1}{\376\377\000O\000b\000j\000e\000c\000t\000i\000v\000e\000\040\0001\000:\000\040\000D\000e\000v\000e\000l\000o\000p\000\040\000a\000\040\000Q\000u\000a\000n\000t\000u\000m\000-\000R\000e\000s\000i\000s\000t\000a\000n\000t\000\040\000F\000L\000\040\000S\000y\000s\000t\000e\000m}{subsection.16.1}% 70
\BOOKMARK [3][-]{subsubsection.16.1.2}{\376\377\000O\000b\000j\000e\000c\000t\000i\000v\000e\000\040\0002\000:\000\040\000I\000n\000t\000e\000g\000r\000a\000t\000e\000\040\000D\000i\000f\000f\000e\000r\000e\000n\000t\000i\000a\000l\000\040\000P\000r\000i\000v\000a\000c\000y\000\040\000M\000e\000c\000h\000a\000n\000i\000s\000m\000s}{subsection.16.1}% 71
\BOOKMARK [3][-]{subsubsection.16.1.3}{\376\377\000O\000b\000j\000e\000c\000t\000i\000v\000e\000\040\0003\000:\000\040\000I\000m\000p\000l\000e\000m\000e\000n\000t\000\040\000B\000y\000z\000a\000n\000t\000i\000n\000e\000-\000R\000e\000s\000i\000l\000i\000e\000n\000t\000\040\000A\000g\000g\000r\000e\000g\000a\000t\000i\000o\000n}{subsection.16.1}% 72
\BOOKMARK [3][-]{subsubsection.16.1.4}{\376\377\000O\000b\000j\000e\000c\000t\000i\000v\000e\000\040\0004\000:\000\040\000M\000i\000n\000i\000m\000i\000z\000e\000\040\000P\000e\000r\000f\000o\000r\000m\000a\000n\000c\000e\000\040\000O\000v\000e\000r\000h\000e\000a\000d}{subsection.16.1}% 73
\BOOKMARK [3][-]{subsubsection.16.1.5}{\376\377\000O\000b\000j\000e\000c\000t\000i\000v\000e\000\040\0005\000:\000\040\000D\000e\000m\000o\000n\000s\000t\000r\000a\000t\000e\000\040\000S\000c\000a\000l\000a\000b\000i\000l\000i\000t\000y}{subsection.16.1}% 74
\BOOKMARK [3][-]{subsubsection.16.1.6}{\376\377\000O\000b\000j\000e\000c\000t\000i\000v\000e\000\040\0006\000:\000\040\000C\000r\000e\000a\000t\000e\000\040\000P\000r\000o\000d\000u\000c\000t\000i\000o\000n\000-\000R\000e\000a\000d\000y\000\040\000P\000l\000a\000t\000f\000o\000r\000m}{subsection.16.1}% 75
\BOOKMARK [2][-]{subsection.16.2}{\376\377\000O\000v\000e\000r\000a\000l\000l\000\040\000O\000b\000j\000e\000c\000t\000i\000v\000e\000s\000\040\000A\000c\000h\000i\000e\000v\000e\000m\000e\000n\000t\000\040\000S\000u\000m\000m\000a\000r\000y}{section.16}% 76
\BOOKMARK [2][-]{subsection.16.3}{\376\377\000S\000u\000m\000m\000a\000r\000y\000\040\000o\000f\000\040\000A\000c\000h\000i\000e\000v\000e\000m\000e\000n\000t\000s}{section.16}% 77
\BOOKMARK [2][-]{subsection.16.4}{\376\377\000I\000m\000p\000a\000c\000t\000\040\000a\000n\000d\000\040\000S\000i\000g\000n\000i\000f\000i\000c\000a\000n\000c\000e}{section.16}% 78
\BOOKMARK [2][-]{subsection.16.5}{\376\377\000F\000u\000t\000u\000r\000e\000\040\000W\000o\000r\000k}{section.16}% 79
\BOOKMARK [1][-]{section.17}{\376\377\000R\000e\000f\000e\000r\000e\000n\000c\000e\000s\000\040\000a\000n\000d\000\040\000R\000e\000s\000o\000u\000r\000c\000e\000s}{}% 80
\BOOKMARK [2][-]{subsection.17.1}{\376\377\000S\000y\000s\000t\000e\000m\000\040\000I\000n\000f\000o\000r\000m\000a\000t\000i\000o\000n}{section.17}% 81
\BOOKMARK [2][-]{subsection.17.2}{\376\377\000K\000e\000y\000\040\000T\000e\000c\000h\000n\000o\000l\000o\000g\000i\000e\000s}{section.17}% 82
\BOOKMARK [1][-]{section.18}{\376\377\000C\000o\000n\000c\000l\000u\000s\000i\000o\000n\000s\000\040\000a\000n\000d\000\040\000F\000u\000t\000u\000r\000e\000\040\000W\000o\000r\000k}{}% 83
\BOOKMARK [2][-]{subsection.18.1}{\376\377\000S\000u\000m\000m\000a\000r\000y\000\040\000o\000f\000\040\000A\000c\000h\000i\000e\000v\000e\000m\000e\000n\000t\000s}{section.18}% 84
\BOOKMARK [3][-]{subsubsection.18.1.1}{\376\377\000K\000e\000y\000\040\000P\000e\000r\000f\000o\000r\000m\000a\000n\000c\000e\000\040\000A\000c\000h\000i\000e\000v\000e\000m\000e\000n\000t\000s}{subsection.18.1}% 85
\BOOKMARK [3][-]{subsubsection.18.1.2}{\376\377\000V\000a\000l\000i\000d\000a\000t\000i\000o\000n\000\040\000o\000f\000\040\000R\000e\000s\000e\000a\000r\000c\000h\000\040\000O\000b\000j\000e\000c\000t\000i\000v\000e\000s}{subsection.18.1}% 86
\BOOKMARK [2][-]{subsection.18.2}{\376\377\000I\000m\000p\000a\000c\000t\000\040\000a\000n\000d\000\040\000S\000i\000g\000n\000i\000f\000i\000c\000a\000n\000c\000e}{section.18}% 87
\BOOKMARK [3][-]{subsubsection.18.2.1}{\376\377\000S\000c\000i\000e\000n\000t\000i\000f\000i\000c\000\040\000I\000m\000p\000a\000c\000t}{subsection.18.2}% 88
\BOOKMARK [3][-]{subsubsection.18.2.2}{\376\377\000P\000r\000a\000c\000t\000i\000c\000a\000l\000\040\000I\000m\000p\000a\000c\000t}{subsection.18.2}% 89
\BOOKMARK [3][-]{subsubsection.18.2.3}{\376\377\000S\000e\000c\000u\000r\000i\000t\000y\000\040\000I\000m\000p\000a\000c\000t}{subsection.18.2}% 90
\BOOKMARK [2][-]{subsection.18.3}{\376\377\000L\000i\000m\000i\000t\000a\000t\000i\000o\000n\000s\000\040\000a\000n\000d\000\040\000C\000o\000n\000s\000t\000r\000a\000i\000n\000t\000s}{section.18}% 91
\BOOKMARK [2][-]{subsection.18.4}{\376\377\000F\000u\000t\000u\000r\000e\000\040\000R\000e\000s\000e\000a\000r\000c\000h\000\040\000D\000i\000r\000e\000c\000t\000i\000o\000n\000s}{section.18}% 92
\BOOKMARK [3][-]{subsubsection.18.4.1}{\376\377\000A\000d\000v\000a\000n\000c\000e\000d\000\040\000F\000e\000d\000e\000r\000a\000t\000e\000d\000\040\000L\000e\000a\000r\000n\000i\000n\000g\000\040\000A\000l\000g\000o\000r\000i\000t\000h\000m\000s}{subsection.18.4}% 93
\BOOKMARK [3][-]{subsubsection.18.4.2}{\376\377\000E\000n\000h\000a\000n\000c\000e\000d\000\040\000S\000e\000c\000u\000r\000i\000t\000y\000\040\000M\000e\000c\000h\000a\000n\000i\000s\000m\000s}{subsection.18.4}% 94
\BOOKMARK [3][-]{subsubsection.18.4.3}{\376\377\000P\000e\000r\000f\000o\000r\000m\000a\000n\000c\000e\000\040\000O\000p\000t\000i\000m\000i\000z\000a\000t\000i\000o\000n}{subsection.18.4}% 95
\BOOKMARK [3][-]{subsubsection.18.4.4}{\376\377\000L\000a\000r\000g\000e\000-\000S\000c\000a\000l\000e\000\040\000D\000e\000p\000l\000o\000y\000m\000e\000n\000t}{subsection.18.4}% 96
\BOOKMARK [3][-]{subsubsection.18.4.5}{\376\377\000A\000d\000d\000i\000t\000i\000o\000n\000a\000l\000\040\000U\000s\000e\000\040\000C\000a\000s\000e\000s}{subsection.18.4}% 97
\BOOKMARK [2][-]{subsection.18.5}{\376\377\000R\000e\000c\000o\000m\000m\000e\000n\000d\000a\000t\000i\000o\000n\000s\000\040\000f\000o\000r\000\040\000P\000r\000a\000c\000t\000i\000t\000i\000o\000n\000e\000r\000s}{section.18}% 98
\BOOKMARK [2][-]{subsection.18.6}{\376\377\000C\000o\000n\000c\000l\000u\000d\000i\000n\000g\000\040\000R\000e\000m\000a\000r\000k\000s}{section.18}% 99
\BOOKMARK [1][-]{subsection.18.6}{\376\377\000A\000c\000k\000n\000o\000w\000l\000e\000d\000g\000m\000e\000n\000t\000s}{}% 100
\BOOKMARK [1][-]{subsection.18.6}{\376\377\000R\000e\000f\000e\000r\000e\000n\000c\000e\000s}{}% 101
\BOOKMARK [1][-]{appendix.A}{\376\377\000S\000y\000s\000t\000e\000m\000\040\000A\000r\000c\000h\000i\000t\000e\000c\000t\000u\000r\000e\000\040\000D\000e\000t\000a\000i\000l\000s}{}% 102
\BOOKMARK [2][-]{subsection.A.1}{\376\377\000T\000h\000r\000e\000e\000-\000T\000i\000e\000r\000\040\000A\000r\000c\000h\000i\000t\000e\000c\000t\000u\000r\000e}{appendix.A}% 103
\BOOKMARK [2][-]{subsection.A.2}{\376\377\000A\000P\000I\000\040\000E\000n\000d\000p\000o\000i\000n\000t\000s}{appendix.A}% 104
\BOOKMARK [1][-]{appendix.B}{\376\377\000B\000e\000n\000c\000h\000m\000a\000r\000k\000\040\000M\000e\000t\000h\000o\000d\000o\000l\000o\000g\000y}{}% 105
\BOOKMARK [2][-]{subsection.B.1}{\376\377\000C\000r\000y\000p\000t\000o\000g\000r\000a\000p\000h\000i\000c\000\040\000B\000e\000n\000c\000h\000m\000a\000r\000k\000s}{appendix.B}% 106
\BOOKMARK [2][-]{subsection.B.2}{\376\377\000T\000r\000a\000i\000n\000i\000n\000g\000\040\000B\000e\000n\000c\000h\000m\000a\000r\000k\000s}{appendix.B}% 107
\BOOKMARK [2][-]{subsection.B.3}{\376\377\000S\000c\000a\000l\000a\000b\000i\000l\000i\000t\000y\000\040\000B\000e\000n\000c\000h\000m\000a\000r\000k\000s}{appendix.B}% 108
\BOOKMARK [1][-]{appendix.C}{\376\377\000C\000o\000n\000f\000i\000g\000u\000r\000a\000t\000i\000o\000n\000\040\000P\000a\000r\000a\000m\000e\000t\000e\000r\000s}{}% 109
\BOOKMARK [2][-]{subsection.C.1}{\376\377\000M\000o\000d\000e\000l\000\040\000C\000o\000n\000f\000i\000g\000u\000r\000a\000t\000i\000o\000n}{appendix.C}% 110
\BOOKMARK [2][-]{subsection.C.2}{\376\377\000T\000r\000a\000i\000n\000i\000n\000g\000\040\000C\000o\000n\000f\000i\000g\000u\000r\000a\000t\000i\000o\000n}{appendix.C}% 111
\BOOKMARK [1][-]{appendix.D}{\376\377\000C\000o\000n\000c\000l\000u\000s\000i\000o\000n\000s\000\040\000a\000n\000d\000\040\000F\000u\000t\000u\000r\000e\000\040\000W\000o\000r\000k}{}% 112
\BOOKMARK [2][-]{subsection.D.1}{\376\377\000S\000u\000m\000m\000a\000r\000y\000\040\000o\000f\000\040\000A\000c\000h\000i\000e\000v\000e\000m\000e\000n\000t\000s}{appendix.D}% 113
\BOOKMARK [2][-]{subsection.D.2}{\376\377\000F\000u\000t\000u\000r\000e\000\040\000R\000e\000s\000e\000a\000r\000c\000h\000\040\000D\000i\000r\000e\000c\000t\000i\000o\000n\000s}{appendix.D}% 114
\BOOKMARK [2][-]{subsection.D.3}{\376\377\000I\000m\000p\000a\000c\000t\000\040\000a\000n\000d\000\040\000S\000i\000g\000n\000i\000f\000i\000c\000a\000n\000c\000e}{appendix.D}% 115
\BOOKMARK [1][-]{subsection.D.3}{\376\377\000R\000e\000f\000e\000r\000e\000n\000c\000e\000s}{}% 116
